---------------------------------------------------------------------------------------------------------------------
      name:  <unnamed>
       log:  C:\Users\ricar\Dropbox\Apps\GitHub\Monetary-Policy-and-the-Wage-Inflation-Unemployment-Tradeoff\Code\asy
> m_.log
  log type:  text
 opened on:  23 Mar 2023, 16:30:21

. 
. 
. ********************************************************************************
. * Setup - Choice of state-dependency
. ********************************************************************************
.  
. if ("`s1'" == "lowflat") {
.         cap drop dlcpilo dlcpihi
.         gen dlcpilo = cond(l.dlcpi< 2 & l.dlcpi> -2, 1, 0) if l.dlcpi!=. & abs(l.dlcpi) < 40
.         gen dlcpihi = cond(l.dlcpi>=2, 1, 0) if l.dlcpi!=. & abs(l.dlcpi) < 40
.                 global a1 dlcpihi
.                 global a2 dlcpilo
.                 global ta1 high inflation
.                 global ta2 low inflation
.                 global asym Lowflation
. }

. 
. else if ("`s1'" == "boombust") {
.         cap drop boom bust
.         gen boom = cond(unempgap>0, 1, 0) if unempgap!=.
.         gen bust = cond(unempgap<0, 1, 0) if unempgap!=.
.                 global a1 boom
.                 global a2 bust
.                 global ta1 Unemp Gap > 0
.                 global ta2 Unemp Gap < 0
.                 global asym Booms vs. busts
. }       

. 
. else if ("`s1'" == "negpos") {  
.         cap drop negative positive
.         gen positive = cond(dstir>0, 1, 0) if dstir!=.
.         gen negative = cond(dstir<0, 1, 0) if dstir!=.
.                 global a1 positive
.                 global a2 negative
.                 global ta1 dstir > 0
.                 global ta2 dstir < 0
.                 global asym NegPos
. }

. 
. else if ("`s1'" == "tradeoc") { 
.         cap drop opent closet
.         gen opent       = cond(trade>0.4,  1, 0) if trade!=.
.         gen closet      = cond(trade<=0.4, 1, 0) if trade!=.
.                 global a1 opent
.                 global a2 closet
.                 global ta1 trade > 40%
.                 global ta2 trade < 40%
.                 global asym Trade
. }

. 
. else if ("`s1'" == "capitaloc") {       
.         cap drop openk closek
.         gen openk       = cond(openquinn == 100, 1, 0) if openquinn!=.
.         gen closek      = cond(openquinn < 100, 1, 0) if openquinn!=.
.                 global a1 openk
.                 global a2 closek
.                 global ta1 capital = 100
.                 global ta2 capital < 100
.                 global asym Quinn
. }

. 
. else if ("`s1'" == "postwar") { 
.         cap drop pre post
.         gen pre = cond(year>=1946 & year <=1999,1,0)
.         gen post= cond((year>=2000 & year <=2020)|(year>=1870 & year <=1913),1,0)
.                 global a1 pre
.                 global a2 post
.                 global ta1 1946-1999
.                 global ta2 1870-1913 & 2000-2020
.                 global asym postwar
. }

. 
. * file extension
. global what _`s1'

. 
. ********************************************************************************
. * Setup - Create necessary variables
. ********************************************************************************
. 
. * generate storage for HAC p-value and AR p-value tests
.         gen arph_lwage = .
(2,718 missing values generated)

.         gen arph_lwage_2 = .    
(2,718 missing values generated)

. 
. 
. * Define State Variable
.         gen state=.
(2,718 missing values generated)

.         replace state=1 if $a1 == 1
==1 invalid name
r(198);

end of do-file

r(198);

. do "C:\Users\ricar\AppData\Local\Temp\STD73f4_000000.tmp"

. global state    = "lowflat"

. 
end of do-file

. do "C:\Users\ricar\Dropbox\Apps\GitHub\Monetary-Policy-and-the-Wage-Inflation-Unemployment-Tradeoff\Code\SD_BM.do"

. /*
> State Dependencies - Monetary Policy and the Wage-Inflation Unemployment Trade-off
> 
> SD Phillips Multiplier and IRFs close to Barnichon and Mesters (2020):
> Adding two lags of unemployment and wage inflation but also country 
> fixed effects and global gdp growth.
> 
> Author: Ricardo Duque Gabriel
> First Date: 15/11/2020
> Last Update: 04/05/2022
> 
> Calls SD_BM_Reg.do and Sd_BM_Graphs.do to produce Figures 3 and A.3 and table A.4
> according to different specifications as called in Master.do file
> */
. 
. clear all

. 
. * Upload data
. use "$hp\Data\Data_MScThesis_Analysis.dta", clear

. 
. * Call chosen state
. local s1 $state

. 
. * Log from here
. cap log close
